Traceback (most recent call last):
  File "<frozen runpy>", line 198, in _run_module_as_main
  File "<frozen runpy>", line 88, in _run_code
  File "D:\code0821\app\gui\__main__.py", line 4, in <module>
    run()
  File "D:\code0821\app\gui\main_window.py", line 142, in run
    win = MainWindow()
          ^^^^^^^^^^^^
  File "D:\code0821\app\gui\main_window.py", line 33, in __init__
    self.viz_page = VizPage()
                    ^^^^^^^^^
  File "D:\code0821\app\gui\viz_page.py", line 52, in __init__
    self.refresh()
  File "D:\code0821\app\gui\viz_page.py", line 67, in refresh
    self._chart_stage(), self._chart_region(), self._chart_category(),
                                               ^^^^^^^^^^^^^^^^^^^^^^
  File "D:\code0821\app\gui\viz_page.py", line 210, in _chart_category
    return self._pie_view(series, "来源分类分布（联盟 / 重点国家 / 友商）")
           ^^^^^^^^^^^^^^^^^^^^^^^^^^^^^^^^^^^^^^^^^^^^^^^^^^^^^^^^^^^^^^^^
  File "D:\code0821\app\gui\viz_page.py", line 178, in _pie_view
    row = QHBoxLayout()
          ^^^^^^^^^^^
NameError: name 'QHBoxLayout' is not defined. Did you mean: 'QVBoxLayout'?

Traceback (most recent call last):
  File "<frozen runpy>", line 198, in _run_module_as_main
  File "<frozen runpy>", line 88, in _run_code
  File "D:\code0821\app\gui\__main__.py", line 4, in <module>
    run()
  File "D:\code0821\app\gui\main_window.py", line 142, in run
    win = MainWindow()
          ^^^^^^^^^^^^
  File "D:\code0821\app\gui\main_window.py", line 33, in __init__
    self.viz_page = VizPage()
                    ^^^^^^^^^
  File "D:\code0821\app\gui\viz_page.py", line 52, in __init__
    self.refresh()
  File "D:\code0821\app\gui\viz_page.py", line 67, in refresh
    self._chart_stage(), self._chart_region(), self._chart_category(),
                                               ^^^^^^^^^^^^^^^^^^^^^^
  File "D:\code0821\app\gui\viz_page.py", line 210, in _chart_category
    return self._pie_view(series, "来源分类分布（联盟 / 重点国家 / 友商）")
           ^^^^^^^^^^^^^^^^^^^^^^^^^^^^^^^^^^^^^^^^^^^^^^^^^^^^^^^^^^^^^^^^
  File "D:\code0821\app\gui\viz_page.py", line 178, in _pie_view
    row = QHBoxLayout()
          ^^^^^^^^^^^
NameError: name 'QHBoxLayout' is not defined. Did you mean: 'QVBoxLayout'?

Traceback (most recent call last):
  File "<frozen runpy>", line 198, in _run_module_as_main
  File "<frozen runpy>", line 88, in _run_code
  File "D:\code0821\app\gui\__main__.py", line 4, in <module>
    run()
  File "D:\code0821\app\gui\main_window.py", line 142, in run
    win = MainWindow()
          ^^^^^^^^^^^^
  File "D:\code0821\app\gui\main_window.py", line 33, in __init__
    self.viz_page = VizPage()
                    ^^^^^^^^^
  File "D:\code0821\app\gui\viz_page.py", line 52, in __init__
    self.refresh()
  File "D:\code0821\app\gui\viz_page.py", line 67, in refresh
    self._chart_stage(), self._chart_region(), self._chart_category(),
                                               ^^^^^^^^^^^^^^^^^^^^^^
  File "D:\code0821\app\gui\viz_page.py", line 210, in _chart_category
    return self._pie_view(series, "来源分类分布（联盟 / 重点国家 / 友商）")
           ^^^^^^^^^^^^^^^^^^^^^^^^^^^^^^^^^^^^^^^^^^^^^^^^^^^^^^^^^^^^^^^^
  File "D:\code0821\app\gui\viz_page.py", line 178, in _pie_view
    row = QHBoxLayout()
          ^^^^^^^^^^^
NameError: name 'QHBoxLayout' is not defined. Did you mean: 'QVBoxLayout'?

Traceback (most recent call last):
  File "D:\Python312\Lib\site-packages\qfluentwidgets\components\widgets\combo_box.py", line 421, in mouseReleaseEvent
    self._toggleComboMenu()
  File "D:\Python312\Lib\site-packages\qfluentwidgets\components\widgets\combo_box.py", line 357, in _toggleComboMenu
    self._showComboMenu()
  File "D:\Python312\Lib\site-packages\qfluentwidgets\components\widgets\combo_box.py", line 318, in _showComboMenu
    action = QAction(item.icon, item.text)
                     ^^^^^^^^^
  File "D:\Python312\Lib\site-packages\qfluentwidgets\components\widgets\combo_box.py", line 48, in icon
    return self._icon.icon()
           ^^^^^^^^^^^^^^^
AttributeError: 'int' object has no attribute 'icon'

Traceback (most recent call last):
  File "D:\Python312\Lib\site-packages\qfluentwidgets\components\widgets\combo_box.py", line 421, in mouseReleaseEvent
    self._toggleComboMenu()
  File "D:\Python312\Lib\site-packages\qfluentwidgets\components\widgets\combo_box.py", line 357, in _toggleComboMenu
    self._showComboMenu()
  File "D:\Python312\Lib\site-packages\qfluentwidgets\components\widgets\combo_box.py", line 318, in _showComboMenu
    action = QAction(item.icon, item.text)
                     ^^^^^^^^^
  File "D:\Python312\Lib\site-packages\qfluentwidgets\components\widgets\combo_box.py", line 48, in icon
    return self._icon.icon()
           ^^^^^^^^^^^^^^^
AttributeError: 'int' object has no attribute 'icon'

Traceback (most recent call last):
  File "D:\Python312\Lib\site-packages\qfluentwidgets\components\widgets\combo_box.py", line 421, in mouseReleaseEvent
    self._toggleComboMenu()
  File "D:\Python312\Lib\site-packages\qfluentwidgets\components\widgets\combo_box.py", line 357, in _toggleComboMenu
    self._showComboMenu()
  File "D:\Python312\Lib\site-packages\qfluentwidgets\components\widgets\combo_box.py", line 318, in _showComboMenu
    action = QAction(item.icon, item.text)
                     ^^^^^^^^^
  File "D:\Python312\Lib\site-packages\qfluentwidgets\components\widgets\combo_box.py", line 48, in icon
    return self._icon.icon()
           ^^^^^^^^^^^^^^^
AttributeError: 'int' object has no attribute 'icon'

